[22:14:04] [ServerMain/INFO]: [bootstrap] Running Java 21 (OpenJDK 64-Bit Server VM 21.0.9+10-Ubuntu-124.04; Ubuntu null) on Linux 6.8.0-1030-azure (amd64)
[22:14:04] [ServerMain/INFO]: [bootstrap] Loading Paper 1.21.10-117-ver/1.21.10@df4b668 (2025-11-30T22:37:28Z) for Minecraft 1.21.10
[22:14:05] [ServerMain/INFO]: [PluginInitializerManager] Initializing plugins...
[22:14:05] [ServerMain/INFO]: [PluginInitializerManager] Initialized 0 plugins
[22:14:12] [ServerMain/INFO]: Environment: Environment[sessionHost=https://sessionserver.mojang.com, servicesHost=https://api.minecraftservices.com, profilesHost=https://api.mojang.com, name=PROD]
[22:14:14] [ServerMain/INFO]: Loaded 1461 recipes
[22:14:14] [ServerMain/INFO]: Loaded 1574 advancements
[22:14:14] [ServerMain/INFO]: [ca.spottedleaf.dataconverter.minecraft.datatypes.MCTypeRegistry] Initialising converters for DataConverter...
[22:14:15] [ServerMain/INFO]: [ca.spottedleaf.dataconverter.minecraft.datatypes.MCTypeRegistry] Finished initialising converters for DataConverter in 434.1ms
[22:14:15] [Server thread/INFO]: Starting minecraft server version 1.21.10
[22:14:15] [Server thread/INFO]: Loading properties
[22:14:15] [Server thread/INFO]: This server is running Paper version 1.21.10-117-ver/1.21.10@df4b668 (2025-11-30T22:37:28Z) (Implementing API version 1.21.10-R0.1-SNAPSHOT)
[22:14:15] [Server thread/INFO]: [spark] This server bundles the spark profiler. For more information please visit https://docs.papermc.io/paper/profiling
[22:14:15] [Server thread/INFO]: Server Ping Player Sample Count: 12
[22:14:15] [Server thread/INFO]: Using 4 threads for Netty based IO
[22:14:16] [Server thread/INFO]: [MoonriseCommon] Paper is using 1 worker threads, 1 I/O threads
[22:14:16] [Server thread/INFO]: Default game type: SURVIVAL
[22:14:16] [Server thread/INFO]: Generating keypair
[22:14:17] [Server thread/INFO]: Starting Minecraft server on *:25565
[22:14:17] [Server thread/INFO]: Using epoll channel type
[22:14:17] [Server thread/INFO]: Paper: Using libdeflate (Linux x86_64) compression from Velocity.
[22:14:17] [Server thread/INFO]: Paper: Using OpenSSL 3.x.x (Linux x86_64) cipher from Velocity.
[22:14:17] [Server thread/INFO]: Server permissions file permissions.yml is empty, ignoring it
[22:14:17] [Server thread/WARN]: **** SERVER IS RUNNING IN OFFLINE/INSECURE MODE!
[22:14:17] [Server thread/WARN]: The server will make no attempt to authenticate usernames. Beware.
[22:14:17] [Server thread/WARN]: While this makes the game possible to play without internet access, it also opens up the ability for hackers to connect with any username they choose.
[22:14:17] [Server thread/WARN]: To change this, set "online-mode" to "true" in the server.properties file.
[22:14:17] [Server thread/INFO]: Preparing level "world"
[22:14:17] [Server thread/INFO]: Loading 0 persistent chunks for world 'minecraft:overworld'...
[22:14:17] [Server thread/INFO]: Preparing spawn area: 100%
[22:14:17] [Server thread/INFO]: Prepared spawn area in 1 ms
[22:14:17] [Server thread/INFO]: Loading 0 persistent chunks for world 'minecraft:the_nether'...
[22:14:17] [Server thread/INFO]: Prepared spawn area in 1 ms
[22:14:17] [Server thread/INFO]: Loading 0 persistent chunks for world 'minecraft:the_end'...
[22:14:17] [Server thread/INFO]: Prepared spawn area in 1 ms
[22:14:17] [Server thread/INFO]: Done preparing level "world" (0.648s)
[22:14:18] [Server thread/INFO]: [spark] Starting background profiler...
[22:14:18] [Server thread/INFO]: Running delayed init tasks
[22:14:18] [Server thread/INFO]: Done (15.305s)! For help, type "help"
[22:16:17] [User Authenticator #0/INFO]: UUID of player Kirarawa is 43f15f89-eb06-3cfa-baad-be092953fbf5
[22:16:19] [Server thread/INFO]: Kirarawa joined the game
[22:16:19] [Server thread/INFO]: Kirarawa[/127.172.49.102:52787] logged in with entity id 96 at ([world]6.5, 125.0, -6.5)
[22:17:31] [User Authenticator #1/INFO]: UUID of player Ggum1 is a72aaa8c-3d29-33ad-95e6-5a4aac48d548
[22:17:32] [Server thread/INFO]: Ggum1 joined the game
[22:17:32] [Server thread/INFO]: Ggum1[/127.206.116.119:42911] logged in with entity id 332 at ([world]-7.986948747993781, 123.0, 2.8749056855608237)
[22:18:03] [Server thread/INFO]: Kirarawa was slain by Ggum1
[22:18:21] [Server thread/INFO]: Ggum1 was doomed to fall by Kirarawa
[22:19:08] [Server thread/INFO]: Kirarawa has made the advancement [Monster Hunter]
[22:19:20] [Server thread/INFO]: Ggum1 has made the advancement [Stone Age]
[22:19:21] [Server thread/INFO]: Kirarawa has made the advancement [Stone Age]
[22:19:28] [Server thread/INFO]: Ggum1 has made the advancement [Getting an Upgrade]
[22:20:07] [Server thread/INFO]: Kirarawa was slain by Ggum1
[22:20:25] [Server thread/INFO]: Ggum1 was slain by Kirarawa
[22:21:04] [Server thread/INFO]: Kirarawa has made the advancement [Getting an Upgrade]
[22:22:02] [Server thread/INFO]: Kirarawa was slain by Ggum1
[22:23:06] [Server thread/INFO]: Kirarawa lost connection: Disconnected
[22:23:06] [Server thread/INFO]: Kirarawa left the game
[22:24:57] [User Authenticator #2/INFO]: UUID of player Kirarawa is 43f15f89-eb06-3cfa-baad-be092953fbf5
[22:24:58] [Server thread/INFO]: Kirarawa joined the game
[22:24:58] [Server thread/INFO]: Kirarawa[/127.172.49.102:37827] logged in with entity id 1953 at ([world]109.48208762982539, 106.0, -101.11289371254001)
[22:25:08] [Async Chat Thread - #1/INFO]: [Not Secure] <Kirarawa> barra ip
[22:28:19] [Server thread/INFO]: Ggum1 has made the advancement [Acquire Hardware]
[22:29:00] [Server thread/INFO]: Ggum1 has made the advancement [Isn't It Iron Pick]
[22:29:44] [User Authenticator #3/INFO]: UUID of player live2die is b5530090-4099-34d7-bb2f-aa6cff4f3fd2
[22:29:46] [Server thread/INFO]: live2die joined the game
[22:29:46] [Server thread/INFO]: live2die[/127.28.41.120:51195] logged in with entity id 3137 at ([world]-8.5, 123.0, 9.5)
[22:30:56] [Async Chat Thread - #2/INFO]: [Not Secure] <live2die> Meteor on Crack!
[22:30:57] [Async Chat Thread - #2/INFO]: [Not Secure] <live2die> Meteor on Crack!
[22:30:58] [Async Chat Thread - #2/INFO]: [Not Secure] <live2die> Meteor on Crack!
[22:31:34] [Server thread/INFO]: Ggum1 has made the advancement [Suit Up]
[22:33:47] [Server thread/INFO]: live2die issued server command: /SKIN
[22:34:10] [Server thread/INFO]: live2die has made the advancement [Stone Age]
[22:36:14] [Server thread/INFO]: live2die has made the advancement [Getting an Upgrade]
[22:37:06] [Server thread/INFO]: Kirarawa has made the advancement [Acquire Hardware]
[22:37:22] [Server thread/INFO]: Kirarawa has made the advancement [Isn't It Iron Pick]
[22:39:15] [Server thread/INFO]: live2die has made the advancement [Acquire Hardware]
[22:41:08] [Server thread/INFO]: live2die hit the ground too hard
[22:43:07] [Server thread/INFO]: Kirarawa has made the advancement [Not Today, Thank You]
[22:44:15] [Server thread/INFO]: live2die has made the advancement [Isn't It Iron Pick]
[22:44:22] [Server thread/INFO]: Ggum1 has made the advancement [Diamonds!]
[22:44:33] [Async Chat Thread - #4/INFO]: [Not Secure] <Kirarawa> XRAY
[22:44:45] [Server thread/INFO]: live2die was skewered by a falling stalactite
[22:46:25] [Server thread/INFO]: Ggum1 has made the advancement [Cover Me with Diamonds]
[22:47:15] [Server thread/INFO]: Ggum1 has made the advancement [Not Today, Thank You]
[22:47:39] [Server thread/INFO]: live2die has made the advancement [Diamonds!]
[22:48:40] [Server thread/INFO]: live2die has made the advancement [Monster Hunter]
[22:49:01] [Server thread/INFO]: Kirarawa has made the advancement [Suit Up]
[22:49:09] [Server thread/WARN]: live2die moved wrongly!
[22:49:12] [Server thread/WARN]: live2die moved wrongly!
[22:49:12] [Server thread/WARN]: live2die moved wrongly!
[22:49:23] [Server thread/INFO]: live2die has made the advancement [Take Aim]
[22:55:28] [Async Chat Thread - #6/INFO]: [Not Secure] <live2die> FUCK NIGERS
[22:55:28] [Async Chat Thread - #6/WARN]: live2die tried to send an empty message
[22:55:28] [Async Chat Thread - #6/INFO]: [Not Secure] <live2die> FUCK NIGERS
[22:55:28] [Async Chat Thread - #6/WARN]: live2die tried to send an empty message
[22:55:28] [Async Chat Thread - #9/INFO]: [Not Secure] <live2die> FUCK NIGERS
[22:55:28] [Async Chat Thread - #10/WARN]: live2die tried to send an empty message
[22:55:28] [Async Chat Thread - #9/INFO]: [Not Secure] <live2die> FUCK NIGERS
[22:55:28] [Async Chat Thread - #8/WARN]: live2die tried to send an empty message
[22:55:28] [Async Chat Thread - #8/INFO]: [Not Secure] <live2die> FUCK NIGERS
[22:55:28] [Async Chat Thread - #8/WARN]: live2die tried to send an empty message
[22:55:28] [Async Chat Thread - #7/INFO]: [Not Secure] <live2die> FUCK NIGERS
[22:55:28] [Async Chat Thread - #10/WARN]: live2die tried to send an empty message
[22:55:28] [Server thread/INFO]: live2die lost connection: Kicked for spamming
[22:55:28] [Server thread/INFO]: live2die left the game
[22:55:31] [User Authenticator #4/INFO]: UUID of player live2die is b5530090-4099-34d7-bb2f-aa6cff4f3fd2
[22:55:32] [Server thread/INFO]: live2die joined the game
[22:55:32] [Server thread/INFO]: live2die[/127.28.41.120:44635] logged in with entity id 16262 at ([world]21.69999998807907, 48.0, -158.30000001192093)
[22:55:43] [Async Chat Thread - #10/INFO]: [Not Secure] <live2die> FUCK NIGERS
[22:55:44] [Async Chat Thread - #10/WARN]: live2die tried to send an empty message
[22:55:44] [Async Chat Thread - #10/INFO]: [Not Secure] <live2die> FUCK NIGERS
[22:55:45] [Async Chat Thread - #10/WARN]: live2die tried to send an empty message
[22:55:45] [Async Chat Thread - #10/INFO]: [Not Secure] <live2die> FUCK NIGERS
[22:55:46] [Async Chat Thread - #10/WARN]: live2die tried to send an empty message
[22:55:46] [Async Chat Thread - #7/INFO]: [Not Secure] <live2die> FUCK NIGERS
[22:55:47] [Async Chat Thread - #7/WARN]: live2die tried to send an empty message
[22:55:47] [Async Chat Thread - #7/INFO]: [Not Secure] <live2die> FUCK NIGERS
[22:55:48] [Async Chat Thread - #7/WARN]: live2die tried to send an empty message
[22:55:49] [Async Chat Thread - #7/INFO]: [Not Secure] <live2die> FUCK NIGERS
[22:55:49] [Async Chat Thread - #7/WARN]: live2die tried to send an empty message
[22:55:50] [Async Chat Thread - #7/INFO]: [Not Secure] <live2die> FUCK NIGERS
[22:55:50] [Async Chat Thread - #7/WARN]: live2die tried to send an empty message
[22:55:51] [Async Chat Thread - #7/INFO]: [Not Secure] <live2die> FUCK NIGERS
[22:55:51] [Async Chat Thread - #7/WARN]: live2die tried to send an empty message
[22:55:52] [Async Chat Thread - #7/INFO]: [Not Secure] <live2die> FUCK NIGERS
[22:55:52] [Async Chat Thread - #7/WARN]: live2die tried to send an empty message
[22:55:53] [Async Chat Thread - #7/INFO]: [Not Secure] <live2die> FUCK NIGERS
[22:55:53] [Async Chat Thread - #7/WARN]: live2die tried to send an empty message
[22:55:54] [Async Chat Thread - #7/INFO]: [Not Secure] <live2die> FUCK NIGERS
[22:55:54] [Server thread/INFO]: live2die lost connection: Kicked for spamming
[22:55:54] [Server thread/INFO]: live2die left the game
[22:55:56] [User Authenticator #4/INFO]: UUID of player live2die is b5530090-4099-34d7-bb2f-aa6cff4f3fd2
[22:55:57] [Server thread/INFO]: live2die joined the game
[22:55:57] [Server thread/INFO]: live2die[/127.28.41.120:35621] logged in with entity id 16476 at ([world]21.69999998807907, 48.0, -158.30000001192093)
[22:56:35] [Server thread/INFO]: Kirarawa has made the advancement [Diamonds!]
[22:58:05] [Server thread/INFO]: Ggum1 has made the advancement [Hot Stuff]
[22:59:33] [Server thread/WARN]: live2die moved wrongly!
[23:00:14] [Server thread/INFO]: live2die has made the advancement [Cover Me with Diamonds]
[23:01:06] [Server thread/WARN]: live2die moved wrongly!
[23:01:08] [Server thread/WARN]: live2die moved wrongly!
[23:05:07] [Server thread/WARN]: live2die moved wrongly!
[23:05:10] [Server thread/WARN]: live2die moved wrongly!
[23:05:14] [Server thread/WARN]: live2die moved wrongly!
[23:05:16] [Server thread/WARN]: live2die moved wrongly!
[23:05:18] [Server thread/WARN]: live2die moved wrongly!
[23:05:18] [Server thread/WARN]: live2die moved wrongly!
[23:05:18] [Server thread/WARN]: live2die moved wrongly!
[23:05:18] [Server thread/WARN]: live2die moved wrongly!
[23:05:19] [Server thread/WARN]: live2die moved wrongly!
[23:05:24] [Server thread/WARN]: live2die moved wrongly!
[23:05:27] [Server thread/WARN]: live2die moved wrongly!
[23:05:27] [Server thread/WARN]: live2die moved wrongly!
[23:05:27] [Server thread/WARN]: live2die moved wrongly!
[23:05:27] [Server thread/WARN]: live2die moved wrongly!
[23:05:29] [Server thread/WARN]: live2die moved wrongly!
[23:05:29] [Server thread/WARN]: live2die moved wrongly!
[23:05:36] [Server thread/WARN]: live2die moved wrongly!
[23:05:43] [Server thread/WARN]: live2die moved wrongly!
[23:06:02] [Server thread/WARN]: live2die moved wrongly!
[23:06:13] [Server thread/WARN]: live2die moved wrongly!
[23:06:16] [Server thread/WARN]: live2die moved wrongly!
[23:07:14] [User Authenticator #5/INFO]: UUID of player k_cc is d97bc568-71b8-367c-85d1-5adf1afec65d
[23:07:16] [Server thread/INFO]: k_cc joined the game
[23:07:16] [Server thread/INFO]: k_cc[/127.20.149.155:39857] logged in with entity id 27287 at ([world]9.5, 126.0, -0.5)
[23:07:49] [Server thread/INFO]: Ggum1 issued server command: /msg Kirarawa tienes una manzana?
[23:07:58] [Server thread/INFO]: Kirarawa issued server command: /tell Ggum1 JAJAJA BRO
[23:08:07] [Server thread/INFO]: Kirarawa issued server command: /tell Ggum1 te consigo
[23:08:11] [Server thread/INFO]: Kirarawa issued server command: /tell Ggum1 cuantas quieres
[23:08:23] [Server thread/INFO]: Ggum1 issued server command: /msg Kirarawa 2 pero rapido
[23:09:40] [Server thread/INFO]: Ggum1 has made the advancement [Ice Bucket Challenge]
[23:12:15] [Server thread/INFO]: Ggum1 has made the advancement [Enchanter]
[23:12:46] [Server thread/INFO]: k_cc has made the advancement [Monster Hunter]
[23:15:27] [Async Chat Thread - #13/INFO]: [Not Secure] <k_cc> kotu
[23:15:32] [Async Chat Thread - #13/INFO]: [Not Secure] <k_cc> pasa cordenadas
[23:15:52] [Server thread/INFO]: Kirarawa issued server command: /tell k_cc AJAJJA PERA BRO
[23:16:49] [Server thread/INFO]: Kirarawa lost connection: Disconnected
[23:16:49] [Server thread/INFO]: Kirarawa left the game
[23:16:58] [Server thread/WARN]: live2die moved wrongly!
[23:16:59] [Server thread/WARN]: live2die moved wrongly!
[23:19:02] [User Authenticator #6/INFO]: UUID of player Kirarawa is 43f15f89-eb06-3cfa-baad-be092953fbf5
[23:19:02] [Server thread/INFO]: Kirarawa joined the game
[23:19:02] [Server thread/INFO]: Kirarawa[/127.172.49.102:39129] logged in with entity id 38002 at ([world]31.738730455583514, 53.0, 452.32353617676534)
[23:19:10] [Server thread/WARN]: k_cc moved too quickly! 10.657016183935383,1.7132800039362905,14.299849739843168
[23:21:05] [Server thread/INFO]: Ggum1 was slain by live2die
[23:21:09] [Async Chat Thread - #15/INFO]: [Not Secure] <Kirarawa> N OOO
[23:21:10] [Async Chat Thread - #15/INFO]: [Not Secure] <live2die> JAJAJAJAJA
[23:21:10] [Async Chat Thread - #15/INFO]: [Not Secure] <Kirarawa> NOOO
[23:21:14] [Async Chat Thread - #15/INFO]: [Not Secure] <Ggum1> PUTAAAAAAAA
[23:21:31] [Async Chat Thread - #15/INFO]: [Not Secure] <Kirarawa> NO TE SALGAS
[23:21:33] [Async Chat Thread - #15/INFO]: [Not Secure] <Kirarawa> ZETREA
[23:21:35] [Async Chat Thread - #15/INFO]: [Not Secure] <Kirarawa> IRE POR TI
[23:21:38] [Async Chat Thread - #15/INFO]: [Not Secure] <Ggum1> AHJJDHAJDHA
[23:21:38] [Async Chat Thread - #15/INFO]: [Not Secure] <live2die> SHARPENS 1
[23:21:40] [Async Chat Thread - #15/INFO]: [Not Secure] <live2die> JAJAJAJA
[23:22:28] [Server thread/INFO]: Ggum1 lost connection: Disconnected
[23:22:28] [Server thread/INFO]: Ggum1 left the game
[23:22:39] [Server thread/INFO]: live2die has made the advancement [Ice Bucket Challenge]
[23:23:11] [Server thread/INFO]: live2die lost connection: Disconnected
[23:23:11] [Server thread/INFO]: live2die left the game
[23:23:11] [Server thread/INFO]: k_cc lost connection: Disconnected
[23:23:11] [Server thread/INFO]: k_cc left the game
[23:23:11] [Server thread/INFO]: Kirarawa lost connection: Disconnected
[23:23:11] [Server thread/INFO]: Kirarawa left the game
[23:23:11] [Server thread/INFO]: Stopping server
[23:23:11] [Server thread/INFO]: Saving players
[23:23:11] [Server thread/INFO]: Saving worlds
[23:23:11] [Server thread/INFO]: Saving chunks for level 'ServerLevel[world]'/minecraft:overworld
[23:23:11] [Server thread/INFO]: [ChunkHolderManager] Waiting 60s for chunk system to halt for world 'world'
[23:23:11] [Server thread/INFO]: [ChunkHolderManager] Halted chunk system for world 'world'
[23:23:11] [Server thread/INFO]: [ChunkHolderManager] Saving all chunkholders for world 'world'
[23:23:15] [Server thread/INFO]: [ChunkHolderManager] Saved 2989 block chunks, 2391 entity chunks, 12 poi chunks in world 'world' in 4.08s
[23:23:15] [Server thread/INFO]: [ChunkHolderManager] Waiting 60s for chunk I/O to halt for world 'world'
[23:23:15] [Server thread/INFO]: [ChunkHolderManager] Halted I/O scheduler for world 'world'
[23:23:15] [Server thread/INFO]: Saving chunks for level 'ServerLevel[world_nether]'/minecraft:the_nether
[23:23:15] [Server thread/INFO]: [ChunkHolderManager] Waiting 60s for chunk system to halt for world 'world_nether'
[23:23:15] [Server thread/INFO]: [ChunkHolderManager] Halted chunk system for world 'world_nether'
[23:23:15] [Server thread/INFO]: [ChunkHolderManager] Saving all chunkholders for world 'world_nether'
[23:23:15] [Server thread/INFO]: [ChunkHolderManager] Saved 0 block chunks, 0 entity chunks, 0 poi chunks in world 'world_nether' in 0.00s
[23:23:15] [Server thread/INFO]: [ChunkHolderManager] Waiting 60s for chunk I/O to halt for world 'world_nether'
[23:23:15] [Server thread/INFO]: [ChunkHolderManager] Halted I/O scheduler for world 'world_nether'
[23:23:15] [Server thread/INFO]: Saving chunks for level 'ServerLevel[world_the_end]'/minecraft:the_end
[23:23:15] [Server thread/INFO]: [ChunkHolderManager] Waiting 60s for chunk system to halt for world 'world_the_end'
[23:23:15] [Server thread/INFO]: [ChunkHolderManager] Halted chunk system for world 'world_the_end'
[23:23:15] [Server thread/INFO]: [ChunkHolderManager] Saving all chunkholders for world 'world_the_end'
[23:23:15] [Server thread/INFO]: [ChunkHolderManager] Saved 0 block chunks, 0 entity chunks, 0 poi chunks in world 'world_the_end' in 0.00s
[23:23:15] [Server thread/INFO]: [ChunkHolderManager] Waiting 60s for chunk I/O to halt for world 'world_the_end'
[23:23:15] [Server thread/INFO]: [ChunkHolderManager] Halted I/O scheduler for world 'world_the_end'
[23:23:15] [Server thread/INFO]: ThreadedAnvilChunkStorage (world): All chunks are saved
[23:23:15] [Server thread/INFO]: ThreadedAnvilChunkStorage (DIM-1): All chunks are saved
[23:23:15] [Server thread/INFO]: ThreadedAnvilChunkStorage (DIM1): All chunks are saved
[23:23:15] [Server thread/INFO]: ThreadedAnvilChunkStorage: All dimensions are saved
[23:23:15] [Server thread/INFO]: Waiting for all RegionFile I/O tasks to complete...
[23:23:15] [Server thread/INFO]: All RegionFile I/O tasks to complete
[23:23:15] [Server thread/INFO]: [MoonriseCommon] Awaiting termination of worker pool for up to 60s...
[23:23:15] [Server thread/INFO]: [MoonriseCommon] Awaiting termination of I/O pool for up to 60s...
